Impossibru
Impossibru
Impossibru
Impossibru
Impossibru
Impossibru
Impossibru
Impossibru
Impossibru
Impossibru
Impossibru
Impossibru
Impossibru
Impossibru
Impossibru
Impossibru
Impossibru
Impossibru
Impossibru
Impossibru
Impossibru
Impossibru
Impossibru
Impossibru
Impossibru
Impossibru
Impossibru
Impossibru
Impossibru
Impossibru
Impossibru
Impossibru
Impossibru
Impossibru
Impossibru
Impossibru
Impossibru
Impossibru
Impossibru
Impossibru
Impossibru
Impossibru
Impossibru
Impossibru
Impossibru
Impossibru
Impossibru
Impossibru
Impossibru
Impossibru
Impossibru
Impossibru
Impossibru
Impossibru
Impossibru
Impossibru
Impossibru
Impossibru
Impossibru
Impossibru
Impossibru
Impossibru
Impossibru
Impossibru
Impossibru
Impossibru
Impossibru
Impossibru
Impossibru
Impossibru
Impossibru
Impossibru
Impossibru
Impossibru
Impossibru
Impossibru
Impossibru
Impossibru
Impossibru
Impossibru
Impossibru
Impossibru
Impossibru
Impossibru
Impossibru
Impossibru
Impossibru
Impossibru
Impossibru
Impossibru
Impossibru
Impossibru
Impossibru
Impossibru
Impossibru
Impossibru
Impossibru
Impossibru
Impossibru
Impossibru
Impossibru
Impossibru
Impossibru
Impossibru
Impossibru
Impossibru
Impossibru
Impossibru
Impossibru
Impossibru
Impossibru
Impossibru
Impossibru
Impossibru
Impossibru
Impossibru
Impossibru
Impossibru
Impossibru
Impossibru
Impossibru
Impossibru
Impossibru
Impossibru
Impossibru
Impossibru
Impossibru
Impossibru
Impossibru
Impossibru
Impossibru
Impossibru
Impossibru
Impossibru
Impossibru
Impossibru
Impossibru
Impossibru
Impossibru
Impossibru
Impossibru
Impossibru
Impossibru
Impossibru
Impossibru
Impossibru
Impossibru
Impossibru
Impossibru
Impossibru
Impossibru
Impossibru
Impossibru
Impossibru
Impossibru
Impossibru
Impossibru
Impossibru
Impossibru
Impossibru
Impossibru
Impossibru
Impossibru
Impossibru
Impossibru
Impossibru
Impossibru
Impossibru
Impossibru
Impossibru
Impossibru
Impossibru
Impossibru
Impossibru
Impossibru
Impossibru
Impossibru
Impossibru
Impossibru
Impossibru
Impossibru
Impossibru
Impossibru
Impossibru
Impossibru
Impossibru
Impossibru
Impossibru
Impossibru
Impossibru
Impossibru
Impossibru
Impossibru
Impossibru
Impossibru
Impossibru
Impossibru
Impossibru
Impossibru
Impossibru
Impossibru
Impossibru
Impossibru
Impossibru
Impossibru
Impossibru
Impossibru
Impossibru
Impossibru
Impossibru
Impossibru
Impossibru
Impossibru
Impossibru
Impossibru
Impossibru
Impossibru
Impossibru
Impossibru
Impossibru
Impossibru
Impossibru
Impossibru
Impossibru
Impossibru
Impossibru
Impossibru
Impossibru
Impossibru
Impossibru
Impossibru
Impossibru
Impossibru
Impossibru
Impossibru
Impossibru
Impossibru
Impossibru
Impossibru
Impossibru
Impossibru
Impossibru
Impossibru
Impossibru
Impossibru
Impossibru
Impossibru
Impossibru
Impossibru
Impossibru
Impossibru
Impossibru
Impossibru
Impossibru
Impossibru
Impossibru
Impossibru
Impossibru
Impossibru
Impossibru
Impossibru
Impossibru
Impossibru
Impossibru
Impossibru
Impossibru
Impossibru
Impossibru
Impossibru
Impossibru
Impossibru
Impossibru
Impossibru
Impossibru
Impossibru
Impossibru
Impossibru
Impossibru
Impossibru
Impossibru
Impossibru
Impossibru
Impossibru
Impossibru
Impossibru
Impossibru
Impossibru
Impossibru
Impossibru
Impossibru
Impossibru
Impossibru
Impossibru
Impossibru
Impossibru
Impossibru
Impossibru
Impossibru
Impossibru
Impossibru
Impossibru
Impossibru
Impossibru
Impossibru
Impossibru
Impossibru
